DELUGE CLEANUP LOG — 2026-03-07 03:06 UTC
30 torrents removed, 95.6 GB freed
============================================================

    15.8 GB  lst.gg                  Hamnet.2025.Hybrid.1080p.BluRay.DDP7.1.x264-ZoroSenpai.mkv
    15.5 GB  lst.gg                  The.Crew.2000.BluRay.1080p.DTS-HD.MA.5.1.AVC.REMUX-FraMeSToR.mkv
    12.6 GB  lst.gg                  Zootopia.2.2025.1080p.BluRay.DDP7.1.x264-ZoroSenpai.mkv
     7.8 GB  oldtoons.world          Zootopia.2.2025.REPACK.1080p.iT.WEB-DL.DDP5.1.Atmos.H.264-BYNDR.mkv
     4.7 GB  thefl.org               Shrinking.S03E01.My.Bad.1080p.ATVP.WEB-DL.DDP5.1.Atmos.H.264-playWEB.mkv
     4.1 GB  milkie.cc               Outlander.S08E01.1080p.WEB.h264-ETHEL
     4.1 GB  thefl.org               Saturday.Night.Live.S51E12.Alexander.Skarsgård.Cardi.B.January.31.2026.1080p.HULU.WEB-DL.DDP5.1.H.264-None.mkv
     4.0 GB  aither.cc               Dateline.NBC.S34E14.2026.01.30.Bringing.Jay.Home.1080p.PCOK.WEB-DL.AAC2.0.H.264-RAWR.mkv
     2.7 GB  alpharatio.cc           The.Real.Housewives.of.Salt.Lake.City.S06E19.1080p.WEB.h264-GRACE
     2.4 GB  lst.gg                  Shrinking.S03E05.Hold.Your.Horsies.1080p.ATVP.WEB-DL.DDP5.1.Atmos.H.264-BLOOM.mkv
     2.3 GB  alpharatio.cc           American.Masters.S40E01.Elie.Wiesel.Soul.on.Fire.1080p.WEBRip.x264-BAE
     2.1 GB  digitalcore.club        House.of.Villains.S03E03.1080p.WEB.h264-EDITH
     1.6 GB  milkie.cc               The.Real.Housewives.of.Beverly.Hills.S15E11.1080p.WEB.h264-EDITH
     1.6 GB  milkie.cc               Ghosts.2021.S05E12.1080p.WEB.h264-ETHEL
     1.6 GB  milkie.cc               Ghosts.2021.S05E11.1080p.WEB.h264-ETHEL
     1.4 GB  lst.gg                  Sentenced to Be a Hero (2026) S01E07 (1080p CR WEB-DL H264 Dual-Audio AAC 2.0) [AnoZu].mkv
     1.4 GB  lst.gg                  Anyway, I'm Falling in Love with You. (2025) S02E06 (1080p CR WEB-DL H264 Dual-Audio AAC 2.0) [AnoZu].mkv
     1.4 GB  aither.cc               JUJUTSU.KAISEN.S03E03.About.the.Culling.Game.REPACK.1080p.CR.WEB-DL.DUAL.DDP2.0.H.264-Kitsune.mkv
     1.4 GB  oldtoons.world          JUJUTSU KAISEN (2020) S03E03 (1080p CR WEB-DL H264 Dual-Audio AAC 2.0) [AnoZu].mkv
     1.4 GB  lst.gg                  JUJUTSU KAISEN (2020) S03E06 (1080p CR WEB-DL H264 Dual-Audio AAC 2.0) [AnoZu].mkv
     1.4 GB  milkie.cc               Impractical.Jokers.S12E15.1080p.WEB.h264-BAE
     0.9 GB  alpharatio.cc           The.Rookie.S08E05.720p.HDTV.x264-SYNCOPY
     0.8 GB  milkie.cc               The.Rookie.S08E09.720p.HDTV.x264-SYNCOPY
     0.6 GB  milkie.cc               American.Dad.S21E02.1080p.WEB.h264-EDITH
     0.5 GB  milkie.cc               Family.Guy.S24E04.1080p.WEB.h264-EDITH
     0.5 GB  milkie.cc               Family.Guy.S24E05.1080p.WEB.h264-EDITH
     0.2 GB  aither.cc               SpongeBob.SquarePants.S16E20.Happy.Krabby.Birthday.1080p.WEBRip.AAC2.0.x264-NOGRP.mkv
     0.2 GB  aither.cc               SpongeBob.SquarePants.S16E21.Karate.Pals.1080p.WEBRip.AAC2.0.x264-NOGRP.mkv
     0.2 GB  aither.cc               SpongeBob.SquarePants.S16E19.The.Green.Tentacle.1080p.WEBRip.AAC2.0.x264-NOGRP.mkv
     0.2 GB  aither.cc               SpongeBob.SquarePants.S16E22.Karens.Klatch.1080p.WEBRip.AAC2.0.x264-NOGRP.mkv
